// Vitest Snapshot v1, https://vitest.dev/guide/snapshot.html

exports[`Projects > renders all my projects 1`] = `
<div>
  <div
    class="ant-list ant-list-split ant-list-bordered _root_877127 css-dev-only-do-not-override-ed5zg0"
  >
    <div
      class="ant-spin-nested-loading css-dev-only-do-not-override-ed5zg0"
    >
      <div
        class="ant-spin-container"
      >
        <ul
          class="ant-list-items"
        >
          <li
            class="ant-list-item _row_877127"
          >
            <div
              class="_root_85982d _isCompact_85982d"
            >
              <div
                class="_picture_85982d"
              >
                <img
                  alt=""
                  class="_pictureImg_85982d"
                  src="/features/projects/project-default-picture.png"
                />
              </div>
              <div
                class="_description_85982d"
              >
                <h2
                  class="_descriptionTitle_85982d"
                >
                  Dam Good
                </h2>
                <div
                  class="_descriptionTimestamp_85982d"
                >
                  <span
                    style="margin-right: 1.5ch;"
                  >
                    Feb 11, 2023
                  </span>
                  <span>
                    5:12 p.m.
                  </span>
                </div>
              </div>
              <div
                class="_actions_85982d"
              >
                <button
                  aria-label="Rename project"
                  class="ant-btn css-dev-only-do-not-override-ed5zg0 ant-btn-circle ant-btn-link ant-btn-icon-only"
                  type="button"
                >
                  <svg
                    class="_icon_85982d"
                    height="24"
                    viewBox="0 0 24 24"
                    width="24"
                    xmlns="http://www.w3.org/2000/svg"
                  >
                    <path
                      d="M20.0248 19.3244H3.97419C3.58656 19.3244 3.27295 19.638 3.27295 20.0257C3.27295 20.4134 3.58656 20.727 3.97419 20.727H20.0248C20.4124 20.727 20.726 20.4134 20.726 20.0257C20.726 19.638 20.4124 19.3244 20.0248 19.3244ZM7.79205 17.0256L12.3793 15.0833C12.4533 15.0522 12.5196 15.0074 12.578 14.9509L20.315 7.213C20.8624 6.66558 20.8663 5.77335 20.3189 5.22593L18.7742 3.68108C18.2269 3.13366 17.3348 3.13756 16.7874 3.68498L9.05039 11.4229C8.9939 11.4793 8.9491 11.5475 8.91793 11.6216L6.97394 16.2074C6.86485 16.4646 6.94082 16.7236 7.10639 16.8912C7.27196 17.0587 7.53298 17.1347 7.79205 17.0256ZM17.7789 4.67656L17.7828 4.67267L19.3255 6.21557L19.3216 6.21946L18.1139 7.42729L16.5712 5.88439L17.7789 4.67656ZM10.149 12.3073L15.5797 6.87597L17.1224 8.41887L11.6917 13.8502L9.01532 14.984L10.149 12.3073Z"
                    />
                  </svg>
                </button>
                <button
                  aria-label="Delete project"
                  class="ant-btn css-dev-only-do-not-override-ed5zg0 ant-btn-circle ant-btn-link ant-btn-icon-only"
                  type="button"
                >
                  <svg
                    class="_icon_85982d"
                    height="24"
                    viewBox="0 0 24 24"
                    width="24"
                    xmlns="http://www.w3.org/2000/svg"
                  >
                    <path
                      d="M7.46154 5.25V4.125C7.46154 3.50368 7.97813 3 8.61538 3H14.3846C15.0219 3 15.5385 3.50368 15.5385 4.125V5.25H19V6.375H4V5.25H7.46154ZM5.15385 7.5H17.8462V19.875C17.8462 20.4963 17.3296 21 16.6923 21H6.30769C5.67044 21 5.15385 20.4963 5.15385 19.875V7.5ZM7.46154 9.75V18.75H8.61538V9.75H7.46154ZM10.9231 9.75V18.75H12.0769V9.75H10.9231ZM14.3846 9.75V18.75H15.5385V9.75H14.3846Z"
                    />
                  </svg>
                </button>
              </div>
            </div>
          </li>
          <li
            class="ant-list-item _row_877127"
          >
            <div
              class="_root_85982d _isCompact_85982d"
            >
              <div
                class="_picture_85982d"
              >
                <img
                  alt=""
                  class="_pictureImg_85982d"
                  src="/features/projects/project-default-picture.png"
                />
              </div>
              <div
                class="_description_85982d"
              >
                <h2
                  class="_descriptionTitle_85982d"
                >
                  Chewy & Woody
                </h2>
                <div
                  class="_descriptionTimestamp_85982d"
                >
                  <span
                    style="margin-right: 1.5ch;"
                  >
                    Mar 12, 2023
                  </span>
                  <span>
                    6:13 p.m.
                  </span>
                </div>
              </div>
              <div
                class="_actions_85982d"
              >
                <button
                  aria-label="Rename project"
                  class="ant-btn css-dev-only-do-not-override-ed5zg0 ant-btn-circle ant-btn-link ant-btn-icon-only"
                  type="button"
                >
                  <svg
                    class="_icon_85982d"
                    height="24"
                    viewBox="0 0 24 24"
                    width="24"
                    xmlns="http://www.w3.org/2000/svg"
                  >
                    <path
                      d="M20.0248 19.3244H3.97419C3.58656 19.3244 3.27295 19.638 3.27295 20.0257C3.27295 20.4134 3.58656 20.727 3.97419 20.727H20.0248C20.4124 20.727 20.726 20.4134 20.726 20.0257C20.726 19.638 20.4124 19.3244 20.0248 19.3244ZM7.79205 17.0256L12.3793 15.0833C12.4533 15.0522 12.5196 15.0074 12.578 14.9509L20.315 7.213C20.8624 6.66558 20.8663 5.77335 20.3189 5.22593L18.7742 3.68108C18.2269 3.13366 17.3348 3.13756 16.7874 3.68498L9.05039 11.4229C8.9939 11.4793 8.9491 11.5475 8.91793 11.6216L6.97394 16.2074C6.86485 16.4646 6.94082 16.7236 7.10639 16.8912C7.27196 17.0587 7.53298 17.1347 7.79205 17.0256ZM17.7789 4.67656L17.7828 4.67267L19.3255 6.21557L19.3216 6.21946L18.1139 7.42729L16.5712 5.88439L17.7789 4.67656ZM10.149 12.3073L15.5797 6.87597L17.1224 8.41887L11.6917 13.8502L9.01532 14.984L10.149 12.3073Z"
                    />
                  </svg>
                </button>
                <button
                  aria-label="Delete project"
                  class="ant-btn css-dev-only-do-not-override-ed5zg0 ant-btn-circle ant-btn-link ant-btn-icon-only"
                  type="button"
                >
                  <svg
                    class="_icon_85982d"
                    height="24"
                    viewBox="0 0 24 24"
                    width="24"
                    xmlns="http://www.w3.org/2000/svg"
                  >
                    <path
                      d="M7.46154 5.25V4.125C7.46154 3.50368 7.97813 3 8.61538 3H14.3846C15.0219 3 15.5385 3.50368 15.5385 4.125V5.25H19V6.375H4V5.25H7.46154ZM5.15385 7.5H17.8462V19.875C17.8462 20.4963 17.3296 21 16.6923 21H6.30769C5.67044 21 5.15385 20.4963 5.15385 19.875V7.5ZM7.46154 9.75V18.75H8.61538V9.75H7.46154ZM10.9231 9.75V18.75H12.0769V9.75H10.9231ZM14.3846 9.75V18.75H15.5385V9.75H14.3846Z"
                    />
                  </svg>
                </button>
              </div>
            </div>
          </li>
          <li
            class="ant-list-item _row_877127"
          >
            <div
              class="_root_85982d _isCompact_85982d"
            >
              <div
                class="_picture_85982d"
              >
                <img
                  alt=""
                  class="_pictureImg_85982d"
                  src="/features/projects/project-default-picture.png"
                />
              </div>
              <div
                class="_description_85982d"
              >
                <h2
                  class="_descriptionTitle_85982d"
                >
                  BeaverBookClubForFurryFriends
                </h2>
                <div
                  class="_descriptionTimestamp_85982d"
                >
                  <span
                    style="margin-right: 1.5ch;"
                  >
                    Apr 13, 2023
                  </span>
                  <span>
                    6:14 p.m.
                  </span>
                </div>
              </div>
              <div
                class="_actions_85982d"
              >
                <button
                  aria-label="Rename project"
                  class="ant-btn css-dev-only-do-not-override-ed5zg0 ant-btn-circle ant-btn-link ant-btn-icon-only"
                  type="button"
                >
                  <svg
                    class="_icon_85982d"
                    height="24"
                    viewBox="0 0 24 24"
                    width="24"
                    xmlns="http://www.w3.org/2000/svg"
                  >
                    <path
                      d="M20.0248 19.3244H3.97419C3.58656 19.3244 3.27295 19.638 3.27295 20.0257C3.27295 20.4134 3.58656 20.727 3.97419 20.727H20.0248C20.4124 20.727 20.726 20.4134 20.726 20.0257C20.726 19.638 20.4124 19.3244 20.0248 19.3244ZM7.79205 17.0256L12.3793 15.0833C12.4533 15.0522 12.5196 15.0074 12.578 14.9509L20.315 7.213C20.8624 6.66558 20.8663 5.77335 20.3189 5.22593L18.7742 3.68108C18.2269 3.13366 17.3348 3.13756 16.7874 3.68498L9.05039 11.4229C8.9939 11.4793 8.9491 11.5475 8.91793 11.6216L6.97394 16.2074C6.86485 16.4646 6.94082 16.7236 7.10639 16.8912C7.27196 17.0587 7.53298 17.1347 7.79205 17.0256ZM17.7789 4.67656L17.7828 4.67267L19.3255 6.21557L19.3216 6.21946L18.1139 7.42729L16.5712 5.88439L17.7789 4.67656ZM10.149 12.3073L15.5797 6.87597L17.1224 8.41887L11.6917 13.8502L9.01532 14.984L10.149 12.3073Z"
                    />
                  </svg>
                </button>
                <button
                  aria-label="Delete project"
                  class="ant-btn css-dev-only-do-not-override-ed5zg0 ant-btn-circle ant-btn-link ant-btn-icon-only"
                  type="button"
                >
                  <svg
                    class="_icon_85982d"
                    height="24"
                    viewBox="0 0 24 24"
                    width="24"
                    xmlns="http://www.w3.org/2000/svg"
                  >
                    <path
                      d="M7.46154 5.25V4.125C7.46154 3.50368 7.97813 3 8.61538 3H14.3846C15.0219 3 15.5385 3.50368 15.5385 4.125V5.25H19V6.375H4V5.25H7.46154ZM5.15385 7.5H17.8462V19.875C17.8462 20.4963 17.3296 21 16.6923 21H6.30769C5.67044 21 5.15385 20.4963 5.15385 19.875V7.5ZM7.46154 9.75V18.75H8.61538V9.75H7.46154ZM10.9231 9.75V18.75H12.0769V9.75H10.9231ZM14.3846 9.75V18.75H15.5385V9.75H14.3846Z"
                    />
                  </svg>
                </button>
              </div>
            </div>
          </li>
          <li
            class="ant-list-item _row_877127"
          >
            <div
              class="_root_85982d _isCompact_85982d"
            >
              <div
                class="_picture_85982d"
              >
                <img
                  alt=""
                  class="_pictureImg_85982d"
                  src="/features/projects/project-default-picture.png"
                />
              </div>
              <div
                class="_description_85982d"
              >
                <h2
                  class="_descriptionTitle_85982d"
                >
                  Tales about tails
                </h2>
                <div
                  class="_descriptionTimestamp_85982d"
                >
                  <span
                    style="margin-right: 1.5ch;"
                  >
                    May 14, 2023
                  </span>
                  <span>
                    6:15 p.m.
                  </span>
                </div>
              </div>
              <div
                class="_actions_85982d"
              >
                <button
                  aria-label="Rename project"
                  class="ant-btn css-dev-only-do-not-override-ed5zg0 ant-btn-circle ant-btn-link ant-btn-icon-only"
                  type="button"
                >
                  <svg
                    class="_icon_85982d"
                    height="24"
                    viewBox="0 0 24 24"
                    width="24"
                    xmlns="http://www.w3.org/2000/svg"
                  >
                    <path
                      d="M20.0248 19.3244H3.97419C3.58656 19.3244 3.27295 19.638 3.27295 20.0257C3.27295 20.4134 3.58656 20.727 3.97419 20.727H20.0248C20.4124 20.727 20.726 20.4134 20.726 20.0257C20.726 19.638 20.4124 19.3244 20.0248 19.3244ZM7.79205 17.0256L12.3793 15.0833C12.4533 15.0522 12.5196 15.0074 12.578 14.9509L20.315 7.213C20.8624 6.66558 20.8663 5.77335 20.3189 5.22593L18.7742 3.68108C18.2269 3.13366 17.3348 3.13756 16.7874 3.68498L9.05039 11.4229C8.9939 11.4793 8.9491 11.5475 8.91793 11.6216L6.97394 16.2074C6.86485 16.4646 6.94082 16.7236 7.10639 16.8912C7.27196 17.0587 7.53298 17.1347 7.79205 17.0256ZM17.7789 4.67656L17.7828 4.67267L19.3255 6.21557L19.3216 6.21946L18.1139 7.42729L16.5712 5.88439L17.7789 4.67656ZM10.149 12.3073L15.5797 6.87597L17.1224 8.41887L11.6917 13.8502L9.01532 14.984L10.149 12.3073Z"
                    />
                  </svg>
                </button>
                <button
                  aria-label="Delete project"
                  class="ant-btn css-dev-only-do-not-override-ed5zg0 ant-btn-circle ant-btn-link ant-btn-icon-only"
                  type="button"
                >
                  <svg
                    class="_icon_85982d"
                    height="24"
                    viewBox="0 0 24 24"
                    width="24"
                    xmlns="http://www.w3.org/2000/svg"
                  >
                    <path
                      d="M7.46154 5.25V4.125C7.46154 3.50368 7.97813 3 8.61538 3H14.3846C15.0219 3 15.5385 3.50368 15.5385 4.125V5.25H19V6.375H4V5.25H7.46154ZM5.15385 7.5H17.8462V19.875C17.8462 20.4963 17.3296 21 16.6923 21H6.30769C5.67044 21 5.15385 20.4963 5.15385 19.875V7.5ZM7.46154 9.75V18.75H8.61538V9.75H7.46154ZM10.9231 9.75V18.75H12.0769V9.75H10.9231ZM14.3846 9.75V18.75H15.5385V9.75H14.3846Z"
                    />
                  </svg>
                </button>
              </div>
            </div>
          </li>
        </ul>
      </div>
    </div>
  </div>
</div>
`;
